type error on line 3: expected 'string' type, but got 'number'
