type error on line 1: can only call functions or classes
