unexpected type: string in {{23 firstName %!s(<nil>)} 8 - %!s(<nil>) {23 lastName %!s(<nil>)}}, allowed: [number]
