expected 'number' type for {hello} in {{25 addThree %!s(<nil>)} 1 ) %!s(<nil>) [{%!s(float64=1)} {hello} {%!s(float64=3)}]}, but got 'string'
