function of type Fn<[], number> expects 0 arguments, got 1
