expected enclosing function to return 'number', but got 'string'
