type error on line 1: expected enclosing function to return 'number', but got 'string'
