type error on line 4: unexpected type: string | number, allowed: number
