error on line 2: expected 'number' type, but got 'string'
