expected 'number' type for {hello} in {{25 x %!s(<nil>)} 22 >= %!s(<nil>) {hello}}, but got 'string'
